
========== Run Configuration ==========
  mode                     : minimize (full-model: chem+diffusion+volume)
  grid                     : 32x32x32
  steps                    : 2000
  dt                       : 1.000000e-02
  out_every                : 1
  csv_out_every            : 1
  elastic                  : 启用
  diag_vtk                 : 禁用
  diag_elastic_bulk        : 禁用

========== Thermodynamics ==========
  T_C                      : 380.000000
  T_K                      : 653.150000
  xB_eq                    : 4.66495182e-03
  mu0_compound_hat         : -3.78266114e+00
  mu_reference_scale       : 4.10090000e+04

========== Minimize Controls ==========
  max_iter                 : 2000
  minimize_dt              : 1.000e-02
  target_V0                : 0.000000e+00 (0 means use initial <h>)
  rms_dphi_threshold       : 1.000e-05
  rms_dY_threshold         : 1.000e-05
  energy_diff_rel_threshold : 1.000e-07
  rms_res_threshold        : 1.000e-04
  vol_err_rel_threshold    : 5.000e-03
  convergence_steps        : 1
  eta_lambda_vol           : 0.900
  post_projection_iters    : 1
  xB safety cap            : soft cap enabled, xB_max_safe=0.070000
  xB hard clamp            : enabled in full-model minimize

========== Output Layout ==========
  output_root              : chel_T380_cuda_32x32x32_dt0.01_steps2000_r7.00_xB0.030
  init_case_tag            : log_verify
  case_output_dir          : chel_T380_cuda_32x32x32_dt0.01_steps2000_r7.00_xB0.030/log_verify
  vtk_mode                 : minimize (with case suffix)
  vtk_filename_suffix      : log_verify

========== Initialization ==========
  path                     : mass-conserving phi/xB/Y

========== Initialization Geometry ==========
  shape                    : ellipsoid
  R_input                  : 7.000000
  Rx / Ry / Rz             : 8.492496 / 8.492496 / 4.755798
  R_equiv                  : 7.000000
  tilt(theta,phi) [deg]    : 101.000 / 39.000
  rotation                 : enabled
  center_shift             : (0.000000, 0.000000, 0.000000)
  phi_noise_amp            : 0.000e+00
  phi_noise_seed           : 0
  init_test_id             : -1
  first_seed_center        : (1.600000, 1.600000, 1.600000)
  rotation_row1            : (-0.629320, 0.777146, 0.000000)
  rotation_row2            : (0.148286, 0.120080, 0.981627)
  rotation_row3            : (0.762868, 0.617758, -0.190809)

========== Initialization Composition ==========
  vf_init(set)             : 0.000000
  vf_init_eff=<h>          : 1.000000
  <h^2>                    : 1.000000
  vf_target                : 0.030000
  vB_frac                  : 1.000000
  xB_eq                    : 0.004665
  xB_out                   : 3.000000e-02 (ic_23d_xB_out=3.000000e-02)
  <xB>                     : 0.004665
  <xB_tot>                 : 1.000000
  theory_target            : 1.00000000
  mass_balance_diff        : 0.00e+00

========== Reference State ==========
  xB_ref source            : ic_23d_xB_out
  xB_ref                   : 3.00000000e-02
  g_bulk0_hat              : -3.72162305e+00
  CNT far-field xB_out     : 3.00000000e-02
  CNT muB_farfield_hat     : -3.57192865e+00
写出初始化 vtk: chel_T380_cuda_32x32x32_dt0.01_steps2000_r7.00_xB0.030/log_verify/phi_init_log_verify.vtk
分配GPU内存...
[gpu mem] before main cudaMallocs: free=10.82 GB / total=15.47 GB (used=4.64 GB)
分配弹性计算GPU内存（float精度）...
[gpu mem] before elastic cudaMallocs: free=10.82 GB / total=15.47 GB (used=4.65 GB)
弹性计算GPU内存分配完成
[gpu mem] after elastic cudaMallocs: free=10.82 GB / total=15.47 GB (used=4.65 GB)
[gpu mem] after main cudaMallocs: free=10.82 GB / total=15.47 GB (used=4.65 GB)

=== Memory Ledger (resident arrays) ===
  d_phi_r                           32768 elem        262144 bytes
  d_Y_r                             32768 elem        262144 bytes
  d_xB_r                            32768 elem        262144 bytes
  d_phi_rhs_r(=d_lapY_r)            32768 elem        262144 bytes
  d_phi_n_saved                     32768 elem        262144 bytes
  d_Y_n_saved                       32768 elem        262144 bytes
  d_dY_dt_prev_r                    32768 elem        262144 bytes
  d_mu_x_r(=d_Y_rhs_r)              32768 elem        262144 bytes
  d_divJ_r(=d_xB_prev_r)            32768 elem        262144 bytes
  d_phi_k                           17408 elem        278528 bytes
  d_phi_rhs_k(=d_mu_x_k=d_Y_rhs_k)          17408 elem        278528 bytes
  d_Y_k                             17408 elem        278528 bytes
  d_divJ_k                          17408 elem        278528 bytes
  d_scratch_k_double                17408 elem        278528 bytes
  d_scratch_r_double                65536 elem        524288 bytes
  d_uxx_r..d_uyz_r (6)             196608 elem        786432 bytes
  d_sigma_*_r (6)                  196608 elem        786432 bytes
  d_ux_k,d_uy_k,d_uz_k              52224 elem        417792 bytes
  d_uxx_k..d_uyz_k (6)             104448 elem        835584 bytes
  ----------------------------------------
  Total resident (est.)                 7102464 bytes (6.77 MB)
  Peak estimate (resident+transient) ~ same (scratch reused)
=== End Memory Ledger ===

创建cuFFT计划...
  网格: 32x32x32
弹性FFT计划创建成功（float精度）
cuFFT计划创建成功（复用计划，减少内存使用）
构建k空间...
[gpu mem] before minimize work buffers: free=10.80 GB / total=15.47 GB (used=4.66 GB)
计算t=0的诊断统计...
计算t=0的诊断统计...

========================================
初始化完成后的显存使用情况:
  网格大小: 32x32x32
  已使用: 4.66 GB (30.15%)
  空闲: 10.80 GB
  总计: 15.47 GB
  弹性功能: 已启用
========================================

[3D] step=00000 t=0.000000 t_real=0.000000e+00 s <x_B_tot>=1.000000e+00 vf_precip_indicator=1.000000e+00 vf_precip_h=1.000000e+00 R_avg=0.000000e+00 xB_range=[0.0047, 0.0047] Meff_range=[3.3228e-03, 3.3228e-03] t_wall=2026-03-19 00:45:58

开始时间推进...
========================================

========== Minimize Converged ==========
  iter                     : 1
  trigger                  : condA
  F_total_excess_hat       : -7.739087e-03
  rms_res                  : 5.043e-08
  rms_dphi                 : 3.804e-07
  rms_dY                   : 3.871e-13
  vol_err_rel              : 0.000e+00
  energy_diff_rel          : -1.000e+00
[diagnostics] step=1 N_in=32768.00 N_if=0.00 phi_range=[1.000000, 1.000000]
[3D] step=00001 t=0.010000 t_real=1.114792e-02 s <x_B_tot>=1.000000e+00 vf_precip_indicator=1.000000e+00 vf_precip_h=1.000000e+00 R_avg=0.000000e+00 xB_range=[0.0047, 0.0047] Meff_range=[3.3228e-03, 3.3228e-03] t_wall=2026-03-19 00:45:58
写出 final vtk: chel_T380_cuda_32x32x32_dt0.01_steps2000_r7.00_xB0.030/log_verify/phi_final_log_verify.vtk

========== Run Summary ==========
  mode                     : minimize
  steps_completed          : 1
  wall_time_s              : 0.346
  wall_time_hms            : 00:00:00
