[pf-param-file] loaded 114 override(s) from /data/home/luozhiheng/tmp/pf_elastic_diag_restart_v1_20260730/pf_input.params

========== Run Configuration ==========
  mode                     : dynamics
  model_mode               : two_phase
  init_mode                : standard
  pf_param_file            : /data/home/luozhiheng/tmp/pf_elastic_diag_restart_v1_20260730/pf_input.params
  grid                     : 246x246x246
  dx / dy / dz (grid)      : 1.000000 / 1.000000 / 1.000000
  cell_size_phys_nm        : 1.000000 / 1.000000 / 1.000000
  system_size_phys_nm      : 246.000000 / 246.000000 / 246.000000
  system_size_phys_m       : 2.460000e-07 / 2.460000e-07 / 2.460000e-07
  t_real_unit_s            : 4.954630e+01
  lambda_sm_nm             : 4.000000
  lambda_sm/dx             : 4.000000
  steps                    : 512
  dt                       : 2.000000e-02
  out_every                : 512
  csv_out_every            : 64
  elastic                  : 启用
  external_strain(E0)      : xx=0.000000e+00 yy=0.000000e+00 zz=0.000000e+00 yz=0.000000e+00 xz=0.000000e+00 xy=0.000000e+00
  diag_vtk                 : 禁用
  diag_elastic_bulk        : 禁用
  scheduled_nucleation_test : disabled
  dynamics_mass_diagnostics : enabled (interval=64)
  Y_rhs_previous_time_level : disabled
[RUN PARAM] Nx Ny Nz = 246 246 246, dx_nm = 1.000000, interface_width_nm / lambda_sm = 4.000000, dt = 2.000000e-02, init_mode = standard, scheduled nucleation test = disabled

========== Thermodynamics ==========
  T_C                      : 380.000000
  T_K                      : 653.150000
  thermo_convex_extrapolation_enabled : 0
  xB_eq                    : 4.66495182e-03
  mu0_compound_hat         : -7.50528003e+00
  mu_reference_scale       : 2.06685360e+04

========== Dynamics Controls ==========
  xB safety cap            : not applied in dynamics mode

========== Interface-Width Consistency (Diagnostics) ==========
  dx_internal              : 1
  dx_phys_nm(inferred)     : 1.000000
  unit_to_nm(internal->phys) : 1.000000e+00
  ic_phi_iface_w(grids_halfwidth) : 2.000000
  interface_width_grids(2*ic) : 4.000000
  interface_width_nm(2*ic*dx_phys) : 4.000000
  kappa_phi_loaded         : 2.00000000e+00
  kappa_phi_expected_from_ic(0.5*(ic*dx)^2) : 2.00000000e+00
  kappa_phi_rel_error      : 0.000e+00
  seed_R_internal          : 10
  seed_w_init_internal(ic*dx) : 2
  seed_R_over_w            : 5
  seed_phi_center_ideal(0.5*(1+tanh(R/w))) : 0.999955

========== Output Layout ==========
  output_root              : /data/home/luozhiheng/tmp/pf_elastic_diag_restart_v1_20260730/results/restart/chel_T380_cuda_246x246x246_dt0.02_steps512_xB0.030
  output_pf_input          : /data/home/luozhiheng/tmp/pf_elastic_diag_restart_v1_20260730/results/restart/chel_T380_cuda_246x246x246_dt0.02_steps512_xB0.030/pf_input.params
  init_case_tag            : elastic_diag_restart
  case_output_dir          : /data/home/luozhiheng/tmp/pf_elastic_diag_restart_v1_20260730/results/restart/chel_T380_cuda_246x246x246_dt0.02_steps512_xB0.030/elastic_diag_restart
  pf_zero_mode             : PF_CONSERVED_Y_ZERO_MODE_V1
  pf_zero_mode_backend     : HOST_NEWTON_BISECTION_V1
  pf_sm_explicit_context   : SM_EXPLICIT_CONTEXT_N_V1
  pf_reaction_discretization : SM_TANGENT_N_V1
  pf_zero_mode_tolerance_relative : 9.99999999999999980e-13
  pf_zero_mode_max_iterations : 24
  pf_zero_mode_parameter_fingerprint : aa304b81a6b1dbc7
  pf_checkpoint_every      : 256
  pf_checkpoint_path       : /data/home/luozhiheng/tmp/pf_elastic_diag_restart_v1_20260730/restart_final.chk
  pf_restart_from          : /data/home/luozhiheng/tmp/pf_elastic_diag_restart_v1_20260730/half.chk
  gp_paths_enabled         : false
  case_pf_input            : /data/home/luozhiheng/tmp/pf_elastic_diag_restart_v1_20260730/results/restart/chel_T380_cuda_246x246x246_dt0.02_steps512_xB0.030/elastic_diag_restart/pf_input.params

[Unit Conversion Summary]
  Reference scales:
    w_ref (J/m^3)      = 5.04000000e+08
    dx_ref (m)         = 1.00000000e-09
    t0_diff (s)        = 4.95463048e+01
    mu_reference_scale = 2.06685360e+04

                       physical            code               kernel_used        ratio(kernel/expected)
  W_phi              5.04000000e+08     1.00000000e+00     1.00000000e+00     1.00000000e+00    
  kappa_phi          1.00800000e-09     2.00000000e+00     2.00000000e+00     1.00000000e+00    
  L_phi              2.59208260e-10     6.47277697e+00     6.47277697e+00     1.00000000e+00    
  W_eta              6.00000000e+08     1.19047619e+00     1.19047619e+00     1.00000000e+00    
  kappa_eta          7.50000000e-11     1.48809524e-01     1.48809524e-01     1.00000000e+00    
  L_eta              4.10626947e-11     1.02539041e+00     1.02539041e+00     1.00000000e+00    

  Stability indicators (S_W = L·dt·W; S_grad = L·dt·κ·k_max²):
    S_phi_W    = 1.29455539e-01     S_phi_grad = 7.66604977e+00     S_phi_total = 7.79550531e+00
    S_eta_W    = 2.44140574e-02     S_eta_grad = 9.03589082e-02     S_eta_total = 1.14772966e-01
    CFL_diff   = 8.00000000e+00
    Note: semi-implicit denom damps S_grad; instability risk comes from explicit source term S_W. Production-safe envelope: S_W < 1.
  vtk_mode                 : dynamic (no case suffix)
  pf_zero_mode_trace       : /data/home/luozhiheng/tmp/pf_elastic_diag_restart_v1_20260730/results/restart/chel_T380_cuda_246x246x246_dt0.02_steps512_xB0.030/elastic_diag_restart/pf_zero_mode_trace.csv
  dynamics_mass_diagnostics_csv : /data/home/luozhiheng/tmp/pf_elastic_diag_restart_v1_20260730/results/restart/chel_T380_cuda_246x246x246_dt0.02_steps512_xB0.030/elastic_diag_restart/dynamics_mass_diagnostics.csv

========== Initialization ==========
  path                     : mass-conserving phi/xB/Y

========== Initialization Geometry ==========
  shape                    : legacy
  R_input                  : 10.000000
  Rx / Ry / Rz             : 10.000000 / 10.000000 / 10.000000
  R_equiv                  : 10.000000
  tilt(theta,phi) [deg]    : 0.000 / 0.000
  rotation                 : disabled
  center_shift             : (0.000000, 0.000000, 0.000000)
  phi_noise_amp            : 0.000e+00
  phi_noise_seed           : 0
  init_test_id             : -1
  first_seed_center        : (123.000000, 123.000000, 123.000000)

========== Initialization Composition ==========
  vf_init(set)             : 0.000000
  vf_init_eff=<h>          : 0.000288
  <h^2>                    : 0.000246
  vf_target                : 0.000281
  vf_target_source         : seed radius 10.000000
  vB_frac                  : 1.000000
  xB_eq                    : 0.004665
  xB_out                   : 3.000000e-02 (ic_23d_xB_out=3.000000e-02)
  <xB>                     : 0.029993
  <xB_tot>                 : 0.030278
  theory_target            : 0.03027940
  mass_balance_diff        : -1.07e-06

========== PF Zero-Mode Restart ==========
  checkpoint               : /data/home/luozhiheng/tmp/pf_elastic_diag_restart_v1_20260730/half.chk
  accepted_step            : 256
  zero_mode                : PF_CONSERVED_Y_ZERO_MODE_V1
  backend                  : HOST_NEWTON_BISECTION_V1
  parameter_fingerprint    : aa304b81a6b1dbc7
  target_mass_code         : 4.46608079999958049e+05
写出初始化 vtk: /data/home/luozhiheng/tmp/pf_elastic_diag_restart_v1_20260730/results/restart/chel_T380_cuda_246x246x246_dt0.02_steps512_xB0.030/phi_init.vtk
分配GPU内存...
[gpu mem] before main cudaMallocs: free=39.08 GB / total=39.49 GB (used=0.42 GB)
[mem-opt] two_phase mode: GP/eta device buffers are aliases, not resident allocations.
分配弹性计算GPU内存（float精度）...
[gpu mem] before elastic cudaMallocs: free=36.84 GB / total=39.49 GB (used=2.65 GB)
弹性计算GPU内存分配完成
[gpu mem] after elastic cudaMallocs: free=35.65 GB / total=39.49 GB (used=3.84 GB)
[gpu mem] after main cudaMallocs: free=35.65 GB / total=39.49 GB (used=3.84 GB)

=== Memory Ledger (resident arrays) ===
  d_phi_r                        14886936 elem     119095488 bytes
  d_eta_r                           alias       0 bytes
  d_Y_r                          14886936 elem     119095488 bytes
  d_xB_r                         14886936 elem     119095488 bytes
  d_phi_rhs_r(=d_lapY_r)         14886936 elem     119095488 bytes
  d_eta_prev_r                      alias       0 bytes
  d_eta_rhs_r                       alias       0 bytes
  d_phi_n_saved                  14886936 elem     119095488 bytes
  d_Y_n_saved                    14886936 elem     119095488 bytes
  d_dY_dt_prev_r                 14886936 elem     119095488 bytes
  d_mu_x_r(=d_Y_rhs_r)           14886936 elem     119095488 bytes
  d_divJ_r(=d_xB_prev_r)         14886936 elem     119095488 bytes
  d_phi_k                         7503984 elem     120063744 bytes
  d_eta_k                           alias       0 bytes
  d_eta_rhs_k                       alias       0 bytes
  d_phi_rhs_k(=d_mu_x_k=d_Y_rhs_k)        7503984 elem     120063744 bytes
  d_Y_k                           7503984 elem     120063744 bytes
  d_divJ_k                        7503984 elem     120063744 bytes
  d_scratch_k_double              7503984 elem     120063744 bytes
  d_scratch_r_double             29773872 elem     238190976 bytes
  d_uxx_r..d_uyz_r (6)           89321616 elem     357286464 bytes
  d_sigma_*_r (6)                89321616 elem     357286464 bytes
  d_ux_k,d_uy_k,d_uz_k           22511952 elem     180095616 bytes
  d_uxx_k..d_uyz_k (6)           45023904 elem     360191232 bytes
  ----------------------------------------
  Total resident (est.)              3165228864 bytes (3018.60 MB)
  Peak estimate (resident+transient) ~ same (scratch reused)
=== End Memory Ledger ===

PF_ZERO_MODE_INITIALIZED mode=PF_CONSERVED_Y_ZERO_MODE_V1 backend=HOST_NEWTON_BISECTION_V1 restart_loaded=1 accepted_step=256 target_mass_code=4.46608079999958049e+05 parameter_fingerprint=aa304b81a6b1dbc7 gp_paths_enabled=false
创建cuFFT计划...
  网格: 246x246x246
弹性FFT计划创建成功（float精度）
cuFFT计划创建成功（复用计划，减少内存使用）
构建k空间...
[gpu mem] before minimize work buffers: free=35.19 GB / total=39.49 GB (used=4.31 GB)

========================================
初始化完成后的显存使用情况:
  网格大小: 246x246x246
  已使用: 4.31 GB (10.91%)
  空闲: 35.19 GB
  总计: 39.49 GB
  弹性功能: 已启用
========================================

[3D] step=00000 t=0.000000 t_real=0.000000e+00 s <x_B_tot>=3.000000e-02 vf_precip=2.254926e-02 R_avg_internal=8.894995e+00 R_avg_nm=8.894995e+00 xB_range=[0.0065, 0.0092] Meff_range=[1.1382e-01, 1.3644e+01] t_wall=2026-07-30 17:38:34

开始时间推进...
========================================
[3D] step=00320 t=6.400000 t_real=3.170964e+02 s <x_B_tot>=3.000000e-02 vf_precip=2.248385e-02 R_avg_internal=8.869064e+00 R_avg_nm=8.869064e+00 xB_range=[0.0066, 0.0091] Meff_range=[1.1299e-01, 1.3727e+01] t_wall=2026-07-30 17:39:01
[3D] step=00384 t=7.680000 t_real=3.805156e+02 s <x_B_tot>=3.000000e-02 vf_precip=2.245215e-02 R_avg_internal=8.860210e+00 R_avg_nm=8.860210e+00 xB_range=[0.0066, 0.0090] Meff_range=[1.1246e-01, 1.3746e+01] t_wall=2026-07-30 17:39:28
[3D] step=00448 t=8.960000 t_real=4.439349e+02 s <x_B_tot>=3.000000e-02 vf_precip=2.243888e-02 R_avg_internal=8.850646e+00 R_avg_nm=8.850646e+00 xB_range=[0.0067, 0.0090] Meff_range=[1.1179e-01, 1.3783e+01] t_wall=2026-07-30 17:39:55

========================================
性能统计（精确计时）:
  总计算时间: 108118.578125 ms (steps 257-512)
  平均每步: 422.338196 ms
  网格大小: 246x246x246 = 14886936 points
  吞吐量: 35.25 M points/s

显存使用情况:
  已使用: 4.31 GB (10.91%)
  空闲: 35.19 GB
  总计: 39.49 GB
========================================
[3D] step=00512 t=10.240000 t_real=5.073542e+02 s <x_B_tot>=3.000000e-02 vf_precip=2.243567e-02 R_avg_internal=8.844956e+00 R_avg_nm=8.844956e+00 xB_range=[0.0067, 0.0089] Meff_range=[1.1213e-01, 1.3834e+01] t_wall=2026-07-30 17:40:23
step=00512 完成，已输出VTK文件（phi_512.vtk, xB_512.vtk, xBtot_512.vtk）
PF_ZERO_MODE_CHECKPOINT_WRITTEN step=512 path=/data/home/luozhiheng/tmp/pf_elastic_diag_restart_v1_20260730/restart_final.chk target_mass_code=4.46608079999958049e+05 lambda=-8.37577236877214312e-08 residual=3.49245965480804443e-10 accepted_zero_mode_steps=512

========================================
步进墙钟统计:
  总步进墙钟时间: 117.008841 s
  平均每步墙钟时间: 0.457066 s
========================================
写出 geometry summary: /data/home/luozhiheng/tmp/pf_elastic_diag_restart_v1_20260730/results/restart/chel_T380_cuda_246x246x246_dt0.02_steps512_xB0.030/summary.txt
[mass-drift-summary] initial=<xBtot>=3.00000000e-02 final=<xBtot>=3.00000000e-02 rel_drift=-5.445875e-13 primary=Y_update_k0_drift
PF_ZERO_MODE_FINAL_AUDIT status=PASS final_step=512 target_mass_code=4.46608079999958049e+05 final_mass_code=4.46608079999958398e+05 mean_mass_error=2.34598956750270475e-17 last_lambda=-8.37577236877214312e-08 zero_mode_wall_s=4.073351257 checkpoint_wall_s=0.752151966 gp_paths_enabled=false

========== Run Summary ==========
  mode                     : dynamic
  steps_completed          : 256
  wall_time_s              : 128.578
  wall_time_hms            : 00:02:09
  pf_zero_mode_status      : PASS
  pf_zero_mode_final_absolute_step : 512
  pf_zero_mode_target_mass_code : 4.46608079999958049e+05
  pf_zero_mode_final_mass_code : 4.46608079999958398e+05
  pf_zero_mode_final_mean_mass_error : 2.34598956750270475e-17
  pf_zero_mode_wall_s      : 4.073351257
  pf_checkpoint_wall_s     : 0.752151966
pf_zero_mode_status=PASS_PF_CONSERVED_Y_ZERO_MODE_V1
checkpoint_restart_provenance=RESTORED_AND_VALIDATED
pf_sm_explicit_context=SM_EXPLICIT_CONTEXT_N_V1
pf_reaction_discretization=SM_TANGENT_N_V1
gp_enabled=false
